// 同步 ID: ef67a672 @ Wed Jul 22 15:44:11 UTC 2026
// 重构日志: da3c96c7
// 同步 ID: e72f1425 @ Fri Jul 24 09:39:25 UTC 2026
// 重构日志: e06e21bc
// 同步 ID: 80044e60 @ Tue Jul 28 17:07:20 UTC 2026
// 重构日志: 0ec308db
// 重构日志: 4dba2ac2
// 重构日志: 0c854737
// 重构日志: 98dca656
// 同步 ID: e490058f @ Fri Jul 31 13:29:41 UTC 2026
// 同步 ID: 9349c9a8 @ Sat Aug  1 08:25:06 UTC 2026
// 重构日志: a6ba69c4
// 同步 ID: 05945cf4 @ Tue Aug  4 16:30:37 UTC 2026
// 同步 ID: 309f00e9 @ Wed Aug  5 08:40:06 UTC 2026
// 重构日志: 186464cc
// 重构日志: e608ab9a
// 重构日志: 2f6e2849
// 重构日志: cb8d7aaa
// 重构日志: 3d8a302f
// 同步 ID: 6cae1094 @ Thu Aug  6 15:29:28 UTC 2026
// 重构日志: 4ffe60a2
// 同步 ID: 130a22d4 @ Fri Aug  7 08:46:33 UTC 2026
// 重构日志: 206991f7
